// Jest Snapshot v1, https://goo.gl/fbAQLP

exports[`InputAutocomplete.vue has the expected html structure 1`] = `
<div
  class="lux-autocomplete"
>
  <!--v-if-->
  <div
    class="lux-autocomplete-input"
  >
    <input
      autocomplete="off"
      id="displayInput"
      role="combobox"
      type="text"
    />
    <ul
      class="lux-autocomplete-results"
      style=""
    >
      
      <li
        class="lux-autocomplete-result"
        id="lux-autocomplete-v-0result-0"
      >
        Banana
      </li>
      
    </ul>
    <input
      data-input-value=""
      id="foo"
      name="bar"
      type="hidden"
      value="2"
    />
  </div>
</div>
`;
