// Jest Snapshot v1, https://goo.gl/fbAQLP

exports[`LuxDropdownMenu.vue has the expected html structure 1`] = `
<div
  class="lux-dropdown-menu medium"
>
  <button
    class="lux-button dropdown medium lux-dropdown-button"
    type="button"
  >
    <!--v-if-->
    <!-- @slot The text of your button. -->
    
    Dropdown
    
    <!--v-if-->
  </button>
  <lux-menu-bar-stub
    active="All"
    class=""
    menu-items="[object Object],[object Object],[object Object],[object Object]"
    type="buttons"
  />
</div>
`;
