// Jest Snapshot v1, https://goo.gl/fbAQLP

exports[`LuxDataTable.vue has the expected html structure 1`] = `
<table
  border="1px"
  class="lux-data-table"
>
  <caption>
    This is a caption.
  </caption>
  <thead>
    <tr>
      
      <th
        nowrap=""
        scope="col"
      >
        <span>
          Select Items
        </span>
      </th>
      <th
        nowrap=""
        scope="col"
      >
        <span>
          name
        </span>
      </th>
      <th
        nowrap=""
        scope="col"
      >
        <button
          class="lux-button text medium"
          type="button"
        >
          <!--v-if-->
          <!-- @slot The text of your button. -->
          
          <div
            class="lux-icon"
          >
            <svg
              aria-hidden="false"
              aria-labelledby="unsorted"
              color="currentColor"
              height="16"
              role="img"
              viewBox="0 0 24 24"
              width="16"
              xmlns="http://www.w3.org/2000/svg"
            >
              <title
                id="unsorted"
                lang="en"
              >
                unsorted
              </title>
              <!--v-if-->
              <g
                fill="currentColor"
              >
                
                <!--v-if-->
                <!--v-if-->
                <g>
                  <circle
                    class="st0"
                    cx="12"
                    cy="12"
                    r="2"
                  />
                  <polygon
                    class="st1"
                    points="17.5,6.5 12,0.5 6.5,6.5 	"
                  />
                  <polygon
                    class="st1"
                    points="6.5,17.5 12,23.5 17.5,17.5 	"
                  />
                </g>
                
              </g>
            </svg>
          </div>
           Email Address
          
          <!--v-if-->
        </button>
      </th>
      <th
        nowrap=""
        scope="col"
      >
        <button
          class="lux-button text medium"
          type="button"
        >
          <!--v-if-->
          <!-- @slot The text of your button. -->
          
          <div
            class="lux-icon"
          >
            <svg
              aria-hidden="false"
              aria-labelledby="unsorted"
              color="currentColor"
              height="16"
              role="img"
              viewBox="0 0 24 24"
              width="16"
              xmlns="http://www.w3.org/2000/svg"
            >
              <title
                id="unsorted"
                lang="en"
              >
                unsorted
              </title>
              <!--v-if-->
              <g
                fill="currentColor"
              >
                
                <!--v-if-->
                <!--v-if-->
                <g>
                  <circle
                    class="st0"
                    cx="12"
                    cy="12"
                    r="2"
                  />
                  <polygon
                    class="st1"
                    points="17.5,6.5 12,0.5 6.5,6.5 	"
                  />
                  <polygon
                    class="st1"
                    points="6.5,17.5 12,23.5 17.5,17.5 	"
                  />
                </g>
                
              </g>
            </svg>
          </div>
           age
          
          <!--v-if-->
        </button>
      </th>
      <th
        nowrap=""
        scope="col"
      >
        <button
          class="lux-button text medium"
          type="button"
        >
          <!--v-if-->
          <!-- @slot The text of your button. -->
          
          <div
            class="lux-icon"
          >
            <svg
              aria-hidden="false"
              aria-labelledby="unsorted"
              color="currentColor"
              height="16"
              role="img"
              viewBox="0 0 24 24"
              width="16"
              xmlns="http://www.w3.org/2000/svg"
            >
              <title
                id="unsorted"
                lang="en"
              >
                unsorted
              </title>
              <!--v-if-->
              <g
                fill="currentColor"
              >
                
                <!--v-if-->
                <!--v-if-->
                <g>
                  <circle
                    class="st0"
                    cx="12"
                    cy="12"
                    r="2"
                  />
                  <polygon
                    class="st1"
                    points="17.5,6.5 12,0.5 6.5,6.5 	"
                  />
                  <polygon
                    class="st1"
                    points="6.5,17.5 12,23.5 17.5,17.5 	"
                  />
                </g>
                
              </g>
            </svg>
          </div>
           birthday
          
          <!--v-if-->
        </button>
      </th>
      
    </tr>
  </thead>
  <tbody>
    
    <tr
      class="row"
    >
      
      <td
        class="lux-data-table-center"
      >
        <input
          aria-label="id: 1, name: foo, email: foo@xxx.xxx, age: 42, birthday: May 5, 2000"
          id="1"
          name="id"
          type="checkbox"
          value="1"
        />
      </td>
      <td
        class=""
      >
        <a
          class="lux-link link medium"
          href="https://example.com"
        >
          <!-- @slot The text of your hyperlink. -->
          
          foo
          
          <!--v-if-->
        </a>
      </td>
      <td
        class="lux-data-table-center"
      >
        <span>
          foo@xxx.xxx
        </span>
      </td>
      <td
        class="lux-data-table-number"
      >
        <span>
          42
        </span>
      </td>
      <td
        class=""
      >
        <span>
          May 5, 2000
        </span>
      </td>
      
    </tr>
    <tr
      class="row"
    >
      
      <td
        class="lux-data-table-center"
      >
        <input
          aria-label="id: 2, name: bar, email: bar@xxx.xxx, age: 23, birthday: April 5, 2000"
          id="2"
          name="id"
          type="checkbox"
          value="2"
        />
      </td>
      <td
        class=""
      >
        <span>
          bar
        </span>
      </td>
      <td
        class="lux-data-table-center"
      >
        <span>
          bar@xxx.xxx
        </span>
      </td>
      <td
        class="lux-data-table-number"
      >
        <span>
          23
        </span>
      </td>
      <td
        class=""
      >
        <span>
          April 5, 2000
        </span>
      </td>
      
    </tr>
    <tr
      class="row"
    >
      
      <td
        class="lux-data-table-center"
      >
        <input
          aria-label="id: 3, name: fez, email: fez@xxx.xxx, age: 34, birthday: January 5, 2000"
          id="3"
          name="id"
          type="checkbox"
          value="3"
        />
      </td>
      <td
        class=""
      >
        <span>
          fez
        </span>
      </td>
      <td
        class="lux-data-table-center"
      >
        <span>
          fez@xxx.xxx
        </span>
      </td>
      <td
        class="lux-data-table-number"
      >
        <span>
          34
        </span>
      </td>
      <td
        class=""
      >
        <span>
          January 5, 2000
        </span>
      </td>
      
    </tr>
    <tr
      class="row"
    >
      
      <td
        class="lux-data-table-center"
      >
        <input
          aria-label="id: 4, name: hey, email: hey@xxx.xxx, age: 4, birthday: March 5, 2000"
          id="4"
          name="id"
          type="checkbox"
          value="4"
        />
      </td>
      <td
        class=""
      >
        <span>
          hey
        </span>
      </td>
      <td
        class="lux-data-table-center"
      >
        <span>
          hey@xxx.xxx
        </span>
      </td>
      <td
        class="lux-data-table-number"
      >
        <span>
          4
        </span>
      </td>
      <td
        class=""
      >
        <span>
          March 5, 2000
        </span>
      </td>
      
    </tr>
    
  </tbody>
  <!--v-if-->
</table>
`;
