// Vitest Snapshot v1, https://vitest.dev/guide/snapshot.html

exports[`LuxDataTable.vue > has the expected html structure 1`] = `
<table
  border="1px"
  class="lux-data-table"
  data-v-2338fe96=""
>
  <caption
    data-v-2338fe96=""
  >
    This is a caption.
  </caption>
  <thead
    data-v-2338fe96=""
  >
    <tr
      data-v-2338fe96=""
    >
      
      <th
        data-v-2338fe96=""
        nowrap=""
        scope="col"
      >
        <span
          data-v-2338fe96=""
        >
          Select Items
        </span>
      </th>
      <th
        data-v-2338fe96=""
        nowrap=""
        scope="col"
      >
        <span
          data-v-2338fe96=""
        >
          name
        </span>
      </th>
      <th
        data-v-2338fe96=""
        nowrap=""
        scope="col"
      >
        <button
          class="lux-button text medium"
          data-v-2338fe96=""
          data-v-2a78a0df=""
          type="button"
        >
          <!--v-if-->
          <!-- @slot The text of your button. -->
          
          <div
            class="lux-icon"
            data-v-2338fe96=""
            data-v-6dc5806d=""
          >
            <svg
              aria-hidden="false"
              aria-labelledby="unsorted"
              color="currentColor"
              data-v-6dc5806d=""
              height="16"
              overflow="visible"
              role="img"
              viewBox="0 0 24 24"
              width="16"
              xmlns="http://www.w3.org/2000/svg"
            >
              <title
                data-v-6dc5806d=""
                id="unsorted"
                lang="en"
              >
                unsorted
              </title>
              <!--v-if-->
              <g
                data-v-6dc5806d=""
                fill="currentColor"
              >
                
                <!--v-if-->
                <!--v-if-->
                <g
                  data-v-2338fe96=""
                  data-v-cb7702f1=""
                >
                  <circle
                    class="st0"
                    cx="12"
                    cy="12"
                    data-v-cb7702f1=""
                    r="2"
                  />
                  <polygon
                    class="st1"
                    data-v-cb7702f1=""
                    points="17.5,6.5 12,0.5 6.5,6.5 	"
                  />
                  <polygon
                    class="st1"
                    data-v-cb7702f1=""
                    points="6.5,17.5 12,23.5 17.5,17.5 	"
                  />
                </g>
                
              </g>
            </svg>
          </div>
           Email Address
          
          <!--v-if-->
        </button>
      </th>
      <th
        data-v-2338fe96=""
        nowrap=""
        scope="col"
      >
        <button
          class="lux-button text medium"
          data-v-2338fe96=""
          data-v-2a78a0df=""
          type="button"
        >
          <!--v-if-->
          <!-- @slot The text of your button. -->
          
          <div
            class="lux-icon"
            data-v-2338fe96=""
            data-v-6dc5806d=""
          >
            <svg
              aria-hidden="false"
              aria-labelledby="unsorted"
              color="currentColor"
              data-v-6dc5806d=""
              height="16"
              overflow="visible"
              role="img"
              viewBox="0 0 24 24"
              width="16"
              xmlns="http://www.w3.org/2000/svg"
            >
              <title
                data-v-6dc5806d=""
                id="unsorted"
                lang="en"
              >
                unsorted
              </title>
              <!--v-if-->
              <g
                data-v-6dc5806d=""
                fill="currentColor"
              >
                
                <!--v-if-->
                <!--v-if-->
                <g
                  data-v-2338fe96=""
                  data-v-cb7702f1=""
                >
                  <circle
                    class="st0"
                    cx="12"
                    cy="12"
                    data-v-cb7702f1=""
                    r="2"
                  />
                  <polygon
                    class="st1"
                    data-v-cb7702f1=""
                    points="17.5,6.5 12,0.5 6.5,6.5 	"
                  />
                  <polygon
                    class="st1"
                    data-v-cb7702f1=""
                    points="6.5,17.5 12,23.5 17.5,17.5 	"
                  />
                </g>
                
              </g>
            </svg>
          </div>
           age
          
          <!--v-if-->
        </button>
      </th>
      <th
        data-v-2338fe96=""
        nowrap=""
        scope="col"
      >
        <button
          class="lux-button text medium"
          data-v-2338fe96=""
          data-v-2a78a0df=""
          type="button"
        >
          <!--v-if-->
          <!-- @slot The text of your button. -->
          
          <div
            class="lux-icon"
            data-v-2338fe96=""
            data-v-6dc5806d=""
          >
            <svg
              aria-hidden="false"
              aria-labelledby="unsorted"
              color="currentColor"
              data-v-6dc5806d=""
              height="16"
              overflow="visible"
              role="img"
              viewBox="0 0 24 24"
              width="16"
              xmlns="http://www.w3.org/2000/svg"
            >
              <title
                data-v-6dc5806d=""
                id="unsorted"
                lang="en"
              >
                unsorted
              </title>
              <!--v-if-->
              <g
                data-v-6dc5806d=""
                fill="currentColor"
              >
                
                <!--v-if-->
                <!--v-if-->
                <g
                  data-v-2338fe96=""
                  data-v-cb7702f1=""
                >
                  <circle
                    class="st0"
                    cx="12"
                    cy="12"
                    data-v-cb7702f1=""
                    r="2"
                  />
                  <polygon
                    class="st1"
                    data-v-cb7702f1=""
                    points="17.5,6.5 12,0.5 6.5,6.5 	"
                  />
                  <polygon
                    class="st1"
                    data-v-cb7702f1=""
                    points="6.5,17.5 12,23.5 17.5,17.5 	"
                  />
                </g>
                
              </g>
            </svg>
          </div>
           birthday
          
          <!--v-if-->
        </button>
      </th>
      
    </tr>
  </thead>
  <tbody
    data-v-2338fe96=""
  >
    
    <tr
      class="row"
      data-v-2338fe96=""
    >
      
      <td
        class="lux-data-table-center"
        data-v-2338fe96=""
      >
        <input
          aria-label="id: 1, name: foo, email: foo@xxx.xxx, age: 42, birthday: May 5, 2000"
          data-v-2338fe96=""
          id="1"
          name="id"
          type="checkbox"
          value="1"
        />
      </td>
      <td
        class=""
        data-v-2338fe96=""
      >
        <a
          class="lux-link link medium"
          data-v-2338fe96=""
          data-v-7cb0fc63=""
          href="https://example.com"
        >
          <!-- @slot The text of your hyperlink. -->
          
          foo
          
          <!--v-if-->
        </a>
      </td>
      <td
        class="lux-data-table-center"
        data-v-2338fe96=""
      >
        <span
          data-v-2338fe96=""
        >
          foo@xxx.xxx
        </span>
      </td>
      <td
        class="lux-data-table-number"
        data-v-2338fe96=""
      >
        <span
          data-v-2338fe96=""
        >
          42
        </span>
      </td>
      <td
        class=""
        data-v-2338fe96=""
      >
        <span
          data-v-2338fe96=""
        >
          May 5, 2000
        </span>
      </td>
      
    </tr>
    <tr
      class="row"
      data-v-2338fe96=""
    >
      
      <td
        class="lux-data-table-center"
        data-v-2338fe96=""
      >
        <input
          aria-label="id: 2, name: bar, email: bar@xxx.xxx, age: 23, birthday: April 5, 2000"
          data-v-2338fe96=""
          id="2"
          name="id"
          type="checkbox"
          value="2"
        />
      </td>
      <td
        class=""
        data-v-2338fe96=""
      >
        <span
          data-v-2338fe96=""
        >
          bar
        </span>
      </td>
      <td
        class="lux-data-table-center"
        data-v-2338fe96=""
      >
        <span
          data-v-2338fe96=""
        >
          bar@xxx.xxx
        </span>
      </td>
      <td
        class="lux-data-table-number"
        data-v-2338fe96=""
      >
        <span
          data-v-2338fe96=""
        >
          23
        </span>
      </td>
      <td
        class=""
        data-v-2338fe96=""
      >
        <span
          data-v-2338fe96=""
        >
          April 5, 2000
        </span>
      </td>
      
    </tr>
    <tr
      class="row"
      data-v-2338fe96=""
    >
      
      <td
        class="lux-data-table-center"
        data-v-2338fe96=""
      >
        <input
          aria-label="id: 3, name: fez, email: fez@xxx.xxx, age: 34, birthday: January 5, 2000"
          data-v-2338fe96=""
          id="3"
          name="id"
          type="checkbox"
          value="3"
        />
      </td>
      <td
        class=""
        data-v-2338fe96=""
      >
        <span
          data-v-2338fe96=""
        >
          fez
        </span>
      </td>
      <td
        class="lux-data-table-center"
        data-v-2338fe96=""
      >
        <span
          data-v-2338fe96=""
        >
          fez@xxx.xxx
        </span>
      </td>
      <td
        class="lux-data-table-number"
        data-v-2338fe96=""
      >
        <span
          data-v-2338fe96=""
        >
          34
        </span>
      </td>
      <td
        class=""
        data-v-2338fe96=""
      >
        <span
          data-v-2338fe96=""
        >
          January 5, 2000
        </span>
      </td>
      
    </tr>
    <tr
      class="row"
      data-v-2338fe96=""
    >
      
      <td
        class="lux-data-table-center"
        data-v-2338fe96=""
      >
        <input
          aria-label="id: 4, name: hey, email: hey@xxx.xxx, age: 4, birthday: March 5, 2000"
          data-v-2338fe96=""
          id="4"
          name="id"
          type="checkbox"
          value="4"
        />
      </td>
      <td
        class=""
        data-v-2338fe96=""
      >
        <span
          data-v-2338fe96=""
        >
          hey
        </span>
      </td>
      <td
        class="lux-data-table-center"
        data-v-2338fe96=""
      >
        <span
          data-v-2338fe96=""
        >
          hey@xxx.xxx
        </span>
      </td>
      <td
        class="lux-data-table-number"
        data-v-2338fe96=""
      >
        <span
          data-v-2338fe96=""
        >
          4
        </span>
      </td>
      <td
        class=""
        data-v-2338fe96=""
      >
        <span
          data-v-2338fe96=""
        >
          March 5, 2000
        </span>
      </td>
      
    </tr>
    
  </tbody>
  <!--v-if-->
</table>
`;
