// Jest Snapshot v1, https://goo.gl/fbAQLP

exports[`LuxGallery.vue has the expected html structure 1`] = `
<div
  class="lux-gallery"
>
  
  <lux-card-stub
    cardpixelwidth="300"
    class="lux-galleryCard"
    disabled="false"
    edited="false"
    id="1"
    selected="false"
    size="medium"
  />
  <lux-card-stub
    cardpixelwidth="300"
    class="lux-galleryCard"
    disabled="false"
    edited="false"
    id="2"
    selected="false"
    size="medium"
  />
  <lux-card-stub
    cardpixelwidth="300"
    class="lux-galleryCard"
    disabled="false"
    edited="false"
    id="3"
    selected="false"
    size="medium"
  />
  
</div>
`;
