// Jest Snapshot v1, https://goo.gl/fbAQLP

exports[`LuxGallery.vue has the expected html structure 1`] = `
<div
  class="lux-gallery"
>
  <lux-card
    cardpixelwidth="300"
    class="lux-galleryCard"
    data-draggable="true"
    disabled="false"
    edited="false"
    id="1"
    selected="false"
    size="medium"
  >
    <lux-media-image
      src="https://picsum.photos/600/300/?random"
    />
    <lux-heading
      level="h2"
    >
      First
    </lux-heading>
    <lux-text-style
      variation="default"
    >
      one
    </lux-text-style>
  </lux-card>
  <lux-card
    cardpixelwidth="300"
    class="lux-galleryCard"
    data-draggable="true"
    disabled="false"
    edited="false"
    id="2"
    selected="false"
    size="medium"
  >
    <lux-media-image
      src="https://picsum.photos/600/300/?random"
    />
    <lux-heading
      level="h2"
    >
      Second
    </lux-heading>
    <lux-text-style
      variation="default"
    >
      two
    </lux-text-style>
  </lux-card>
  <lux-card
    cardpixelwidth="300"
    class="lux-galleryCard"
    data-draggable="true"
    disabled="false"
    edited="false"
    id="3"
    selected="false"
    size="medium"
  >
    <lux-media-image
      src="https://foo/bar"
    />
    <lux-heading
      level="h2"
    >
      Third
    </lux-heading>
    <lux-text-style
      variation="default"
    >
      three
    </lux-text-style>
  </lux-card>
</div>
`;
