// Jest Snapshot v1, https://goo.gl/fbAQLP

exports[`LuxInputSelect.vue has the expected html structure 1`] = `
<div
  class="lux-select"
>
  <!--v-if-->
  <select
    class="lux-select medium"
    errormessage=""
    id="foo"
    name="foo"
    value="two"
  >
    
    <option
      value="one"
    />
    <option
      value="two"
    />
    
  </select>
  <!--v-if-->
</div>
`;
